{"level":"info","message":"halo in brand","timestamp":"2025-09-18 20:42:35"}
{"level":"info","message":"halo in brand","timestamp":"2025-09-18 20:42:35"}
{"level":"info","message":"server running","timestamp":"2025-09-18 20:57:55"}
{"level":"info","message":"server running","timestamp":"2025-09-18 20:57:55"}
{"email":"jasim@gmail.com","level":"info","message":"Login request body:","timestamp":"2025-09-18 21:22:22"}
{"0":"j","1":"a","10":"l","11":".","12":"c","13":"o","14":"m","2":"s","3":"i","4":"m","5":"@","6":"g","7":"m","8":"a","9":"i","level":"info","message":"User found:","timestamp":"2025-09-18 21:22:22"}
{"level":"info","message":"Password match:","timestamp":"2025-09-18 21:22:23"}
{"buffer":{"data":[104,194,157,184,45,55,137,93,252,142,187,218],"type":"Buffer"},"level":"info","message":"Session userId set:","timestamp":"2025-09-18 21:22:23"}
{"0":"6","1":"2","2":"1","3":"3","4":"0","5":"8","level":"info","message":"your otp is","timestamp":"2025-09-18 22:54:39"}
{"level":"info","message":"server running","timestamp":"2025-09-18 22:56:18"}
{"level":"info","message":"server running","timestamp":"2025-09-18 22:56:18"}
{"0":"3","1":"4","2":"8","3":"5","4":"6","5":"0","level":"info","message":"your otp is","timestamp":"2025-09-18 22:56:50"}
{"level":"info","message":"server running","timestamp":"2025-09-18 22:58:08"}
{"level":"info","message":"server running","timestamp":"2025-09-18 22:58:08"}
{"0":"9","1":"1","2":"2","3":"7","4":"0","5":"1","level":"info","message":"your otp is","timestamp":"2025-09-18 22:58:21"}
{"0":"6","1":"5","2":"2","3":"8","4":"1","5":"3","level":"info","message":"your otp is","timestamp":"2025-09-18 23:08:21"}
{"level":"info","message":"server running","timestamp":"2025-09-18 23:37:08"}
{"level":"info","message":"server running","timestamp":"2025-09-18 23:43:47"}
{"level":"info","message":"server running","timestamp":"2025-09-18 23:45:05"}
{"level":"info","message":"server running","timestamp":"2025-09-18 23:47:09"}
{"level":"info","message":"server running","timestamp":"2025-09-18 23:47:18"}
{"level":"info","message":"server running","timestamp":"2025-09-18 23:52:16"}
{"level":"info","message":"server running","timestamp":"2025-09-19 09:21:56"}
{"level":"info","message":"server running","timestamp":"2025-09-19 09:26:08"}
{"level":"info","message":"server running","timestamp":"2025-09-19 09:26:16"}
{"level":"info","message":"server running","timestamp":"2025-09-19 09:29:52"}
{"level":"info","message":"server running","timestamp":"2025-09-19 09:30:32"}
{"level":"info","message":"server running","timestamp":"2025-09-19 09:58:05"}
{"level":"info","message":"server running","timestamp":"2025-09-19 09:58:05"}
{"email":"jasim@gmail.com","level":"info","message":"Login request body:","timestamp":"2025-09-19 09:58:30"}
{"0":"j","1":"a","10":"l","11":".","12":"c","13":"o","14":"m","2":"s","3":"i","4":"m","5":"@","6":"g","7":"m","8":"a","9":"i","level":"info","message":"User found:","timestamp":"2025-09-19 09:58:30"}
{"level":"info","message":"Password match:","timestamp":"2025-09-19 09:58:31"}
{"buffer":{"data":[104,194,157,184,45,55,137,93,252,142,187,218],"type":"Buffer"},"level":"info","message":"Session userId set:","timestamp":"2025-09-19 09:58:31"}
{"level":"info","message":"server running","timestamp":"2025-09-19 10:04:58"}
{"email":"jasim@gmail.com","level":"info","message":"Login request body:","timestamp":"2025-09-19 10:05:35"}
{"0":"j","1":"a","10":"l","11":".","12":"c","13":"o","14":"m","2":"s","3":"i","4":"m","5":"@","6":"g","7":"m","8":"a","9":"i","level":"info","message":"User found:","timestamp":"2025-09-19 10:05:35"}
{"level":"info","message":"Password match:","timestamp":"2025-09-19 10:05:35"}
{"buffer":{"data":[104,194,157,184,45,55,137,93,252,142,187,218],"type":"Buffer"},"level":"info","message":"Session userId set:","timestamp":"2025-09-19 10:05:35"}
{"level":"info","message":"server running","timestamp":"2025-09-19 10:10:52"}
{"level":"info","message":"server running","timestamp":"2025-09-19 10:10:58"}
{"level":"info","message":"server running","timestamp":"2025-09-19 10:12:38"}
{"level":"info","message":"server running","timestamp":"2025-09-19 10:14:03"}
{"level":"info","message":"server running","timestamp":"2025-09-19 10:14:08"}
{"level":"info","message":"server running","timestamp":"2025-09-19 10:14:39"}
{"level":"info","message":"server running","timestamp":"2025-09-19 10:14:41"}
{"level":"info","message":"server running","timestamp":"2025-09-19 10:14:48"}
{"level":"info","message":"server running","timestamp":"2025-09-19 10:15:22"}
{"level":"info","message":"server running","timestamp":"2025-09-19 10:18:51"}
{"email":"jasim@gmail.com","level":"info","message":"Login request body:","timestamp":"2025-09-19 10:20:03"}
{"0":"j","1":"a","10":"l","11":".","12":"c","13":"o","14":"m","2":"s","3":"i","4":"m","5":"@","6":"g","7":"m","8":"a","9":"i","level":"info","message":"User found:","timestamp":"2025-09-19 10:20:03"}
{"level":"info","message":"Password match:","timestamp":"2025-09-19 10:20:03"}
{"buffer":{"data":[104,194,157,184,45,55,137,93,252,142,187,218],"type":"Buffer"},"level":"info","message":"Session userId set:","timestamp":"2025-09-19 10:20:03"}
{"email":"jasim@gmail.com","level":"info","message":"Login request body:","timestamp":"2025-09-19 10:21:23"}
{"0":"j","1":"a","10":"l","11":".","12":"c","13":"o","14":"m","2":"s","3":"i","4":"m","5":"@","6":"g","7":"m","8":"a","9":"i","level":"info","message":"User found:","timestamp":"2025-09-19 10:21:23"}
{"level":"info","message":"Password match:","timestamp":"2025-09-19 10:21:23"}
{"buffer":{"data":[104,194,157,184,45,55,137,93,252,142,187,218],"type":"Buffer"},"level":"info","message":"Session userId set:","timestamp":"2025-09-19 10:21:23"}
{"level":"info","message":"server running","timestamp":"2025-09-19 10:25:00"}
{"level":"info","message":"server running","timestamp":"2025-09-19 10:25:00"}
{"level":"info","message":"server running","timestamp":"2025-09-19 10:25:16"}
{"level":"info","message":"server running","timestamp":"2025-09-19 10:25:16"}
{"level":"info","message":"server running","timestamp":"2025-09-19 10:25:56"}
{"level":"info","message":"server running","timestamp":"2025-09-19 10:25:56"}
{"level":"info","message":"server running","timestamp":"2025-09-19 10:26:08"}
{"level":"info","message":"server running","timestamp":"2025-09-19 10:26:08"}
{"level":"info","message":"server running","timestamp":"2025-09-19 10:26:30"}
{"level":"info","message":"server running","timestamp":"2025-09-19 10:26:30"}
{"level":"info","message":"server running","timestamp":"2025-09-19 10:26:37"}
{"level":"info","message":"server running","timestamp":"2025-09-19 10:26:37"}
{"level":"info","message":"server running","timestamp":"2025-09-19 10:26:56"}
{"level":"info","message":"server running","timestamp":"2025-09-19 10:26:56"}
{"level":"info","message":"server running","timestamp":"2025-09-19 10:27:05"}
{"level":"info","message":"server running","timestamp":"2025-09-19 10:27:05"}
{"level":"info","message":"server running","timestamp":"2025-09-19 10:27:26"}
{"level":"info","message":"server running","timestamp":"2025-09-19 10:27:26"}
{"level":"info","message":"server running","timestamp":"2025-09-19 10:27:33"}
{"level":"info","message":"server running","timestamp":"2025-09-19 10:27:33"}
{"level":"info","message":"server running","timestamp":"2025-09-19 10:28:10"}
{"level":"info","message":"server running","timestamp":"2025-09-19 10:28:11"}
{"level":"info","message":"server running","timestamp":"2025-09-19 10:28:19"}
{"level":"info","message":"server running","timestamp":"2025-09-19 10:28:20"}
{"level":"info","message":"server running","timestamp":"2025-09-19 10:28:46"}
{"level":"info","message":"server running","timestamp":"2025-09-19 10:28:46"}
{"level":"info","message":"server running","timestamp":"2025-09-19 10:28:54"}
{"level":"info","message":"server running","timestamp":"2025-09-19 10:28:54"}
{"level":"info","message":"server running","timestamp":"2025-09-19 10:29:20"}
{"level":"info","message":"server running","timestamp":"2025-09-19 10:29:20"}
{"level":"info","message":"server running","timestamp":"2025-09-19 10:29:27"}
{"level":"info","message":"server running","timestamp":"2025-09-19 10:29:27"}
{"level":"info","message":"server running","timestamp":"2025-09-19 10:29:46"}
{"level":"info","message":"server running","timestamp":"2025-09-19 10:29:46"}
{"level":"info","message":"server running","timestamp":"2025-09-19 10:29:52"}
{"level":"info","message":"server running","timestamp":"2025-09-19 10:29:52"}
{"level":"info","message":"server running","timestamp":"2025-09-19 10:30:15"}
{"level":"info","message":"server running","timestamp":"2025-09-19 10:30:15"}
{"level":"info","message":"server running","timestamp":"2025-09-19 10:30:26"}
{"level":"info","message":"server running","timestamp":"2025-09-19 10:30:26"}
{"level":"info","message":"server running","timestamp":"2025-09-19 10:30:43"}
{"level":"info","message":"server running","timestamp":"2025-09-19 10:30:43"}
{"level":"info","message":"server running","timestamp":"2025-09-19 10:30:52"}
{"level":"info","message":"server running","timestamp":"2025-09-19 10:30:52"}
{"level":"info","message":"server running","timestamp":"2025-09-19 10:31:13"}
{"level":"info","message":"server running","timestamp":"2025-09-19 10:31:14"}
{"level":"info","message":"server running","timestamp":"2025-09-19 10:31:20"}
{"level":"info","message":"server running","timestamp":"2025-09-19 10:31:20"}
{"level":"info","message":"server running","timestamp":"2025-09-19 10:31:42"}
{"level":"info","message":"server running","timestamp":"2025-09-19 10:31:42"}
{"level":"info","message":"server running","timestamp":"2025-09-19 10:31:48"}
{"level":"info","message":"server running","timestamp":"2025-09-19 10:31:48"}
{"level":"info","message":"server running","timestamp":"2025-09-19 10:32:40"}
{"level":"info","message":"server running","timestamp":"2025-09-19 10:32:40"}
{"level":"info","message":"server running","timestamp":"2025-09-19 10:32:48"}
{"level":"info","message":"server running","timestamp":"2025-09-19 10:32:48"}
{"level":"info","message":"server running","timestamp":"2025-09-19 10:33:08"}
{"level":"info","message":"server running","timestamp":"2025-09-19 10:33:08"}
{"level":"info","message":"server running","timestamp":"2025-09-19 10:33:15"}
{"level":"info","message":"server running","timestamp":"2025-09-19 10:33:15"}
{"level":"info","message":"server running","timestamp":"2025-09-19 10:33:45"}
{"level":"info","message":"server running","timestamp":"2025-09-19 10:33:46"}
{"level":"info","message":"server running","timestamp":"2025-09-19 10:38:05"}
{"level":"info","message":"server running","timestamp":"2025-09-19 10:38:11"}
{"level":"info","message":"server running","timestamp":"2025-09-19 10:43:18"}
{"email":"jasim@gmail.com","level":"info","message":"Login request body:","timestamp":"2025-09-19 10:43:24"}
{"0":"j","1":"a","10":"l","11":".","12":"c","13":"o","14":"m","2":"s","3":"i","4":"m","5":"@","6":"g","7":"m","8":"a","9":"i","level":"info","message":"User found:","timestamp":"2025-09-19 10:43:24"}
{"level":"info","message":"Password match:","timestamp":"2025-09-19 10:43:25"}
{"buffer":{"data":[104,194,157,184,45,55,137,93,252,142,187,218],"type":"Buffer"},"level":"info","message":"Session userId set:","timestamp":"2025-09-19 10:43:25"}
{"level":"info","message":"server running","timestamp":"2025-09-19 10:48:22"}
{"level":"info","message":"server running","timestamp":"2025-09-19 10:48:22"}
{"level":"info","message":"server running","timestamp":"2025-09-19 10:50:27"}
{"level":"info","message":"server running","timestamp":"2025-09-19 10:50:27"}
{"level":"info","message":"server running","timestamp":"2025-09-19 10:52:30"}
{"level":"info","message":"server running","timestamp":"2025-09-19 10:52:30"}
{"level":"info","message":"server running","timestamp":"2025-09-19 10:54:39"}
{"level":"info","message":"server running","timestamp":"2025-09-19 10:54:39"}
{"level":"info","message":"server running","timestamp":"2025-09-19 10:54:59"}
{"level":"info","message":"server running","timestamp":"2025-09-19 10:54:59"}
{"level":"info","message":"server running","timestamp":"2025-09-19 10:55:08"}
{"level":"info","message":"server running","timestamp":"2025-09-19 10:55:08"}
{"level":"info","message":"server running","timestamp":"2025-09-19 10:56:47"}
{"level":"info","message":"server running","timestamp":"2025-09-19 10:58:24"}
{"level":"info","message":"server running","timestamp":"2025-09-19 10:58:28"}
{"level":"info","message":"server running","timestamp":"2025-09-19 10:59:23"}
{"level":"info","message":"server running","timestamp":"2025-09-19 10:59:34"}
{"level":"info","message":"server running","timestamp":"2025-09-19 10:59:42"}
{"level":"info","message":"server running","timestamp":"2025-09-19 11:00:23"}
{"level":"info","message":"server running","timestamp":"2025-09-19 11:00:29"}
{"level":"info","message":"server running","timestamp":"2025-09-19 11:00:32"}
{"level":"info","message":"server running","timestamp":"2025-09-19 11:00:52"}
{"level":"info","message":"server running","timestamp":"2025-09-19 11:01:22"}
{"level":"info","message":"server running","timestamp":"2025-09-19 11:13:30"}
{"level":"info","message":"server running","timestamp":"2025-09-19 11:14:18"}
{"level":"info","message":"server running","timestamp":"2025-09-19 11:19:06"}
{"level":"info","message":"server running","timestamp":"2025-09-19 11:19:06"}
{"level":"info","message":"server running","timestamp":"2025-09-19 11:19:11"}
{"level":"info","message":"server running","timestamp":"2025-09-19 11:19:11"}
{"level":"info","message":"server running","timestamp":"2025-09-19 11:19:18"}
{"level":"info","message":"server running","timestamp":"2025-09-19 11:19:18"}
{"level":"info","message":"server running","timestamp":"2025-09-19 11:19:25"}
{"level":"info","message":"server running","timestamp":"2025-09-19 11:19:25"}
{"level":"info","message":"server running","timestamp":"2025-09-19 11:19:34"}
{"level":"info","message":"server running","timestamp":"2025-09-19 11:19:34"}
{"level":"info","message":"server running","timestamp":"2025-09-19 11:19:42"}
{"level":"info","message":"server running","timestamp":"2025-09-19 11:19:42"}
{"level":"info","message":"server running","timestamp":"2025-09-19 11:19:45"}
{"level":"info","message":"server running","timestamp":"2025-09-19 11:19:46"}
{"level":"info","message":"server running","timestamp":"2025-09-19 11:27:13"}
{"level":"info","message":"server running","timestamp":"2025-09-19 11:27:13"}
{"level":"info","message":"server running","timestamp":"2025-09-19 11:27:18"}
{"level":"info","message":"server running","timestamp":"2025-09-19 11:27:18"}
{"email":"jasim@gmail.com","level":"info","message":"Login request body:","timestamp":"2025-09-19 11:33:45"}
{"0":"j","1":"a","10":"l","11":".","12":"c","13":"o","14":"m","2":"s","3":"i","4":"m","5":"@","6":"g","7":"m","8":"a","9":"i","level":"info","message":"User found:","timestamp":"2025-09-19 11:33:45"}
{"level":"info","message":"Password match:","timestamp":"2025-09-19 11:33:45"}
{"buffer":{"data":[104,194,157,184,45,55,137,93,252,142,187,218],"type":"Buffer"},"level":"info","message":"Session userId set:","timestamp":"2025-09-19 11:33:45"}
{"email":"jasim@gmail.com","level":"info","message":"Login request body:","timestamp":"2025-09-19 11:33:56"}
{"0":"j","1":"a","10":"l","11":".","12":"c","13":"o","14":"m","2":"s","3":"i","4":"m","5":"@","6":"g","7":"m","8":"a","9":"i","level":"info","message":"User found:","timestamp":"2025-09-19 11:33:56"}
{"level":"info","message":"Password match:","timestamp":"2025-09-19 11:33:57"}
{"buffer":{"data":[104,194,157,184,45,55,137,93,252,142,187,218],"type":"Buffer"},"level":"info","message":"Session userId set:","timestamp":"2025-09-19 11:33:57"}
{"level":"info","message":"server running","timestamp":"2025-09-19 11:42:30"}
{"email":"jasim@gmail.com","level":"info","message":"Login request body:","timestamp":"2025-09-19 11:42:38"}
{"0":"j","1":"a","10":"l","11":".","12":"c","13":"o","14":"m","2":"s","3":"i","4":"m","5":"@","6":"g","7":"m","8":"a","9":"i","level":"info","message":"User found:","timestamp":"2025-09-19 11:42:38"}
{"level":"info","message":"Password match:","timestamp":"2025-09-19 11:42:38"}
{"buffer":{"data":[104,194,157,184,45,55,137,93,252,142,187,218],"type":"Buffer"},"level":"info","message":"Session userId set:","timestamp":"2025-09-19 11:42:38"}
{"level":"info","message":"server running","timestamp":"2025-09-19 16:15:56"}
{"email":"jasim@gmail.com","level":"info","message":"Login request body:","timestamp":"2025-09-19 16:16:52"}
{"0":"j","1":"a","10":"l","11":".","12":"c","13":"o","14":"m","2":"s","3":"i","4":"m","5":"@","6":"g","7":"m","8":"a","9":"i","level":"info","message":"User found:","timestamp":"2025-09-19 16:16:52"}
{"level":"info","message":"Password match:","timestamp":"2025-09-19 16:16:53"}
{"buffer":{"data":[104,194,157,184,45,55,137,93,252,142,187,218],"type":"Buffer"},"level":"info","message":"Session userId set:","timestamp":"2025-09-19 16:16:53"}
{"email":"jasim@gmail.com","level":"info","message":"Login request body:","timestamp":"2025-09-19 16:34:28"}
{"0":"j","1":"a","10":"l","11":".","12":"c","13":"o","14":"m","2":"s","3":"i","4":"m","5":"@","6":"g","7":"m","8":"a","9":"i","level":"info","message":"User found:","timestamp":"2025-09-19 16:34:28"}
{"level":"info","message":"Password match:","timestamp":"2025-09-19 16:34:29"}
{"buffer":{"data":[104,194,157,184,45,55,137,93,252,142,187,218],"type":"Buffer"},"level":"info","message":"Session userId set:","timestamp":"2025-09-19 16:34:29"}
{"level":"info","message":"server running","timestamp":"2025-09-20 21:18:05"}
{"level":"info","message":"server running","timestamp":"2025-09-22 09:12:05"}
{"level":"info","message":"server running","timestamp":"2025-09-22 09:46:15"}
{"level":"info","message":"server running","timestamp":"2025-09-22 09:52:07"}
{"level":"info","message":"server running","timestamp":"2025-09-22 14:15:27"}
{"level":"info","message":"server running","timestamp":"2025-09-22 14:22:26"}
{"level":"info","message":"server running","timestamp":"2025-09-22 17:28:29"}
{"email":"jasim@gmail.com","level":"info","message":"Login request body:","timestamp":"2025-09-22 17:28:38"}
{"0":"j","1":"a","10":"l","11":".","12":"c","13":"o","14":"m","2":"s","3":"i","4":"m","5":"@","6":"g","7":"m","8":"a","9":"i","level":"info","message":"User found:","timestamp":"2025-09-22 17:28:38"}
{"level":"info","message":"Password match:","timestamp":"2025-09-22 17:28:38"}
{"buffer":{"data":[104,194,157,184,45,55,137,93,252,142,187,218],"type":"Buffer"},"level":"info","message":"Session userId set:","timestamp":"2025-09-22 17:28:38"}
{"email":"jasim@gmail.com","level":"info","message":"Login request body:","timestamp":"2025-09-22 18:54:03"}
{"0":"j","1":"a","10":"l","11":".","12":"c","13":"o","14":"m","2":"s","3":"i","4":"m","5":"@","6":"g","7":"m","8":"a","9":"i","level":"info","message":"User found:","timestamp":"2025-09-22 18:54:03"}
{"level":"info","message":"Password match:","timestamp":"2025-09-22 18:54:04"}
{"buffer":{"data":[104,194,157,184,45,55,137,93,252,142,187,218],"type":"Buffer"},"level":"info","message":"Session userId set:","timestamp":"2025-09-22 18:54:04"}
{"level":"info","message":"server running","timestamp":"2025-09-23 10:09:08"}
{"code":11000,"errorLabelSet":{},"errorResponse":{"code":11000,"errmsg":"E11000 duplicate key error collection: webApp.users index: referralToken_1 dup key: { referralToken: null }","index":0,"keyPattern":{"referralToken":1},"keyValue":{"referralToken":null}},"index":0,"keyPattern":{"referralToken":1},"keyValue":{"referralToken":null},"level":"error","message":"Google Auth Error: E11000 duplicate key error collection: webApp.users index: referralToken_1 dup key: { referralToken: null }","stack":"MongoServerError: E11000 duplicate key error collection: webApp.users index: referralToken_1 dup key: { referralToken: null }\n    at InsertOneOperation.execute (C:\\Users\\USER\\Desktop\\My things\\webApp\\node_modules\\mongodb\\lib\\operations\\insert.js:51:19)\n    at process.processTicksAndRejections (node:internal/process/task_queues:105:5)\n    at async tryOperation (C:\\Users\\USER\\Desktop\\My things\\webApp\\node_modules\\mongodb\\lib\\operations\\execute_operation.js:207:20)\n    at async executeOperation (C:\\Users\\USER\\Desktop\\My things\\webApp\\node_modules\\mongodb\\lib\\operations\\execute_operation.js:75:16)\n    at async Collection.insertOne (C:\\Users\\USER\\Desktop\\My things\\webApp\\node_modules\\mongodb\\lib\\collection.js:157:16)","timestamp":"2025-09-23 10:11:44"}
{"code":11000,"errorLabelSet":{},"errorResponse":{"code":11000,"errmsg":"E11000 duplicate key error collection: webApp.users index: referralToken_1 dup key: { referralToken: null }","index":0,"keyPattern":{"referralToken":1},"keyValue":{"referralToken":null}},"index":0,"keyPattern":{"referralToken":1},"keyValue":{"referralToken":null},"level":"error","message":"Google Auth Error: E11000 duplicate key error collection: webApp.users index: referralToken_1 dup key: { referralToken: null }","stack":"MongoServerError: E11000 duplicate key error collection: webApp.users index: referralToken_1 dup key: { referralToken: null }\n    at InsertOneOperation.execute (C:\\Users\\USER\\Desktop\\My things\\webApp\\node_modules\\mongodb\\lib\\operations\\insert.js:51:19)\n    at process.processTicksAndRejections (node:internal/process/task_queues:105:5)\n    at async tryOperation (C:\\Users\\USER\\Desktop\\My things\\webApp\\node_modules\\mongodb\\lib\\operations\\execute_operation.js:207:20)\n    at async executeOperation (C:\\Users\\USER\\Desktop\\My things\\webApp\\node_modules\\mongodb\\lib\\operations\\execute_operation.js:75:16)\n    at async Collection.insertOne (C:\\Users\\USER\\Desktop\\My things\\webApp\\node_modules\\mongodb\\lib\\collection.js:157:16)","timestamp":"2025-09-23 10:12:02"}
{"code":11000,"errorLabelSet":{},"errorResponse":{"code":11000,"errmsg":"E11000 duplicate key error collection: webApp.users index: referralToken_1 dup key: { referralToken: null }","index":0,"keyPattern":{"referralToken":1},"keyValue":{"referralToken":null}},"index":0,"keyPattern":{"referralToken":1},"keyValue":{"referralToken":null},"level":"error","message":"Google Auth Error: E11000 duplicate key error collection: webApp.users index: referralToken_1 dup key: { referralToken: null }","stack":"MongoServerError: E11000 duplicate key error collection: webApp.users index: referralToken_1 dup key: { referralToken: null }\n    at InsertOneOperation.execute (C:\\Users\\USER\\Desktop\\My things\\webApp\\node_modules\\mongodb\\lib\\operations\\insert.js:51:19)\n    at process.processTicksAndRejections (node:internal/process/task_queues:105:5)\n    at async tryOperation (C:\\Users\\USER\\Desktop\\My things\\webApp\\node_modules\\mongodb\\lib\\operations\\execute_operation.js:207:20)\n    at async executeOperation (C:\\Users\\USER\\Desktop\\My things\\webApp\\node_modules\\mongodb\\lib\\operations\\execute_operation.js:75:16)\n    at async Collection.insertOne (C:\\Users\\USER\\Desktop\\My things\\webApp\\node_modules\\mongodb\\lib\\collection.js:157:16)","timestamp":"2025-09-23 10:17:16"}
{"email":"jasim@gmail.com","level":"info","message":"Login request body:","timestamp":"2025-09-23 10:17:28"}
{"0":"j","1":"a","10":"l","11":".","12":"c","13":"o","14":"m","2":"s","3":"i","4":"m","5":"@","6":"g","7":"m","8":"a","9":"i","level":"info","message":"User found:","timestamp":"2025-09-23 10:17:28"}
{"level":"info","message":"Password match:","timestamp":"2025-09-23 10:17:28"}
{"buffer":{"data":[104,194,157,184,45,55,137,93,252,142,187,218],"type":"Buffer"},"level":"info","message":"Session userId set:","timestamp":"2025-09-23 10:17:28"}
{"level":"info","message":"server running","timestamp":"2025-09-23 10:31:14"}
{"level":"info","message":"server running","timestamp":"2025-09-23 10:33:07"}
{"level":"info","message":"server running","timestamp":"2025-09-23 10:33:30"}
{"level":"info","message":"server running","timestamp":"2025-09-23 10:46:27"}
{"email":"jasim@gmail.com","level":"info","message":"Login request body:","timestamp":"2025-09-23 10:46:44"}
{"0":"j","1":"a","10":"l","11":".","12":"c","13":"o","14":"m","2":"s","3":"i","4":"m","5":"@","6":"g","7":"m","8":"a","9":"i","level":"info","message":"User found:","timestamp":"2025-09-23 10:46:44"}
{"level":"info","message":"Password match:","timestamp":"2025-09-23 10:46:44"}
{"buffer":{"data":[104,194,157,184,45,55,137,93,252,142,187,218],"type":"Buffer"},"level":"info","message":"Session userId set:","timestamp":"2025-09-23 10:46:44"}
{"code":11000,"errorLabelSet":{},"errorResponse":{"code":11000,"errmsg":"E11000 duplicate key error collection: webApp.users index: referralToken_1 dup key: { referralToken: null }","index":0,"keyPattern":{"referralToken":1},"keyValue":{"referralToken":null}},"index":0,"keyPattern":{"referralToken":1},"keyValue":{"referralToken":null},"level":"error","message":"Google Auth Error: E11000 duplicate key error collection: webApp.users index: referralToken_1 dup key: { referralToken: null }","stack":"MongoServerError: E11000 duplicate key error collection: webApp.users index: referralToken_1 dup key: { referralToken: null }\n    at InsertOneOperation.execute (C:\\Users\\USER\\Desktop\\My things\\webApp\\node_modules\\mongodb\\lib\\operations\\insert.js:51:19)\n    at process.processTicksAndRejections (node:internal/process/task_queues:105:5)\n    at async tryOperation (C:\\Users\\USER\\Desktop\\My things\\webApp\\node_modules\\mongodb\\lib\\operations\\execute_operation.js:207:20)\n    at async executeOperation (C:\\Users\\USER\\Desktop\\My things\\webApp\\node_modules\\mongodb\\lib\\operations\\execute_operation.js:75:16)\n    at async Collection.insertOne (C:\\Users\\USER\\Desktop\\My things\\webApp\\node_modules\\mongodb\\lib\\collection.js:157:16)","timestamp":"2025-09-23 10:47:10"}
{"level":"info","message":"server running","timestamp":"2025-09-23 10:51:10"}
{"level":"info","message":"server running","timestamp":"2025-09-23 10:53:28"}
{"code":"invalid_grant","level":"error","message":"Bad Request","name":"TokenError","stack":"TokenError: Bad Request\n    at OAuth2Strategy.parseErrorResponse (C:\\Users\\USER\\Desktop\\My things\\webApp\\node_modules\\passport-oauth2\\lib\\strategy.js:373:12)\n    at OAuth2Strategy._createOAuthError (C:\\Users\\USER\\Desktop\\My things\\webApp\\node_modules\\passport-oauth2\\lib\\strategy.js:420:16)\n    at C:\\Users\\USER\\Desktop\\My things\\webApp\\node_modules\\passport-oauth2\\lib\\strategy.js:177:45\n    at C:\\Users\\USER\\Desktop\\My things\\webApp\\node_modules\\oauth\\lib\\oauth2.js:196:18\n    at passBackControl (C:\\Users\\USER\\Desktop\\My things\\webApp\\node_modules\\oauth\\lib\\oauth2.js:132:9)\n    at IncomingMessage.<anonymous> (C:\\Users\\USER\\Desktop\\My things\\webApp\\node_modules\\oauth\\lib\\oauth2.js:157:7)\n    at IncomingMessage.emit (node:events:536:35)\n    at endReadableNT (node:internal/streams/readable:1698:12)\n    at process.processTicksAndRejections (node:internal/process/task_queues:90:21)","status":500,"timestamp":"2025-09-23 10:53:51"}
{"code":"invalid_grant","level":"error","message":"Bad Request","name":"TokenError","stack":"TokenError: Bad Request\n    at OAuth2Strategy.parseErrorResponse (C:\\Users\\USER\\Desktop\\My things\\webApp\\node_modules\\passport-oauth2\\lib\\strategy.js:373:12)\n    at OAuth2Strategy._createOAuthError (C:\\Users\\USER\\Desktop\\My things\\webApp\\node_modules\\passport-oauth2\\lib\\strategy.js:420:16)\n    at C:\\Users\\USER\\Desktop\\My things\\webApp\\node_modules\\passport-oauth2\\lib\\strategy.js:177:45\n    at C:\\Users\\USER\\Desktop\\My things\\webApp\\node_modules\\oauth\\lib\\oauth2.js:196:18\n    at passBackControl (C:\\Users\\USER\\Desktop\\My things\\webApp\\node_modules\\oauth\\lib\\oauth2.js:132:9)\n    at IncomingMessage.<anonymous> (C:\\Users\\USER\\Desktop\\My things\\webApp\\node_modules\\oauth\\lib\\oauth2.js:157:7)\n    at IncomingMessage.emit (node:events:536:35)\n    at endReadableNT (node:internal/streams/readable:1698:12)\n    at process.processTicksAndRejections (node:internal/process/task_queues:90:21)","status":500,"timestamp":"2025-09-23 10:53:52"}
{"_message":"User validation failed","errors":{"referralToken":{"kind":"required","message":"Path `referralToken` is required.","name":"ValidatorError","path":"referralToken","properties":{"message":"Path `referralToken` is required.","path":"referralToken","type":"required"}}},"level":"error","message":"Google Auth Error: User validation failed: referralToken: Path `referralToken` is required.","stack":"ValidationError: User validation failed: referralToken: Path `referralToken` is required.\n    at Document.invalidate (C:\\Users\\USER\\Desktop\\My things\\webApp\\node_modules\\mongoose\\lib\\document.js:3343:32)\n    at C:\\Users\\USER\\Desktop\\My things\\webApp\\node_modules\\mongoose\\lib\\document.js:3104:17\n    at C:\\Users\\USER\\Desktop\\My things\\webApp\\node_modules\\mongoose\\lib\\schemaType.js:1407:9\n    at process.processTicksAndRejections (node:internal/process/task_queues:85:11)","timestamp":"2025-09-23 10:53:59"}
{"level":"info","message":"server running","timestamp":"2025-09-23 10:55:35"}
{"_message":"User validation failed","errors":{"referralToken":{}},"level":"error","message":"Google Auth Error: User validation failed: referralToken: crypto.randomBytes is not a function","stack":"ValidationError: User validation failed: referralToken: crypto.randomBytes is not a function\n    at Document.invalidate (C:\\Users\\USER\\Desktop\\My things\\webApp\\node_modules\\mongoose\\lib\\document.js:3343:32)\n    at applyDefaults (C:\\Users\\USER\\Desktop\\My things\\webApp\\node_modules\\mongoose\\lib\\helpers\\document\\applyDefaults.js:107:17)\n    at model.Document (C:\\Users\\USER\\Desktop\\My things\\webApp\\node_modules\\mongoose\\lib\\document.js:194:5)\n    at model.Model (C:\\Users\\USER\\Desktop\\My things\\webApp\\node_modules\\mongoose\\lib\\model.js:127:12)\n    at new model (C:\\Users\\USER\\Desktop\\My things\\webApp\\node_modules\\mongoose\\lib\\model.js:4807:15)\n    at Strategy._verify (C:\\Users\\USER\\Desktop\\My things\\webApp\\config\\passport.js:40:16)\n    at process.processTicksAndRejections (node:internal/process/task_queues:105:5)","timestamp":"2025-09-23 10:56:01"}
{"level":"info","message":"server running","timestamp":"2025-09-23 10:56:42"}
{"0":"1","1":"7","2":"9","3":"7","4":"9","5":"6","level":"info","message":"your otp is","timestamp":"2025-09-23 10:58:16"}
{"0":"s","1":"h","10":"a","11":"i","12":"l","13":".","14":"c","15":"o","16":"m","2":"a","3":"m","4":"m","5":"a","6":"s","7":"@","8":"g","9":"m","level":"info","message":"Resend OTP to:","timestamp":"2025-09-23 10:59:26"}
{"0":"5","1":"8","2":"0","3":"1","4":"0","5":"3","level":"info","message":"New otp is:","timestamp":"2025-09-23 10:59:26"}
{"email":"jasim@gmail.com","level":"info","message":"Login request body:","timestamp":"2025-09-23 11:02:12"}
{"0":"j","1":"a","10":"l","11":".","12":"c","13":"o","14":"m","2":"s","3":"i","4":"m","5":"@","6":"g","7":"m","8":"a","9":"i","level":"info","message":"User found:","timestamp":"2025-09-23 11:02:12"}
{"level":"info","message":"Password match:","timestamp":"2025-09-23 11:02:12"}
{"buffer":{"data":[104,194,157,184,45,55,137,93,252,142,187,218],"type":"Buffer"},"level":"info","message":"Session userId set:","timestamp":"2025-09-23 11:02:12"}
{"level":"info","message":"server running","timestamp":"2025-09-23 11:11:45"}
{"level":"info","message":"server running","timestamp":"2025-09-23 11:14:35"}
{"level":"info","message":"server running","timestamp":"2025-09-23 11:25:48"}
{"level":"info","message":"server running","timestamp":"2025-09-23 11:25:54"}
{"level":"info","message":"server running","timestamp":"2025-09-23 11:26:00"}
{"level":"info","message":"server running","timestamp":"2025-09-23 12:02:48"}
{"0":"M","1":"o","10":"r","100":"m","101":"o","102":"u","103":"s","104":">","105":" ","106":"(","107":"C","108":":","109":"\\","11":"o","110":"U","111":"s","112":"e","113":"r","114":"s","115":"\\","116":"U","117":"S","118":"E","119":"R","12":"r","120":"\\","121":"D","122":"e","123":"s","124":"k","125":"t","126":"o","127":"p","128":"\\","129":"M","13":":","130":"y","131":" ","132":"t","133":"h","134":"i","135":"n","136":"g","137":"s","138":"\\","139":"w","14":" ","140":"e","141":"b","142":"A","143":"p","144":"p","145":"\\","146":"n","147":"o","148":"d","149":"e","15":"O","150":"_","151":"m","152":"o","153":"d","154":"u","155":"l","156":"e","157":"s","158":"\\","159":"m","16":"p","160":"o","161":"n","162":"g","163":"o","164":"o","165":"s","166":"e","167":"\\","168":"l","169":"i","17":"e","170":"b","171":"\\","172":"d","173":"r","174":"i","175":"v","176":"e","177":"r","178":"s","179":"\\","18":"r","180":"n","181":"o","182":"d","183":"e","184":"-","185":"m","186":"o","187":"n","188":"g","189":"o","19":"a","190":"d","191":"b","192":"-","193":"n","194":"a","195":"t","196":"i","197":"v","198":"e","199":"\\","2":"n","20":"t","200":"c","201":"o","202":"l","203":"l","204":"e","205":"c","206":"t","207":"i","208":"o","209":"n","21":"i","210":".","211":"j","212":"s","213":":","214":"1","215":"8","216":"7","217":":","218":"2","219":"3","22":"o","220":")","221":"\n","222":" ","223":" ","224":" ","225":" ","226":"a","227":"t","228":" ","229":"l","23":"n","230":"i","231":"s","232":"t","233":"O","234":"n","235":"T","236":"i","237":"m","238":"e","239":"o","24":" ","240":"u","241":"t","242":" ","243":"(","244":"n","245":"o","246":"d","247":"e","248":":","249":"i","25":"`","250":"n","251":"t","252":"e","253":"r","254":"n","255":"a","256":"l","257":"/","258":"t","259":"i","26":"c","260":"m","261":"e","262":"r","263":"s","264":":","265":"5","266":"9","267":"4","268":":","269":"1","27":"a","270":"7","271":")","272":"\n","273":" ","274":" ","275":" ","276":" ","277":"a","278":"t","279":" ","28":"t","280":"p","281":"r","282":"o","283":"c","284":"e","285":"s","286":"s","287":".","288":"p","289":"r","29":"e","290":"o","291":"c","292":"e","293":"s","294":"s","295":"T","296":"i","297":"m","298":"e","299":"r","3":"g","30":"g","300":"s","301":" ","302":"(","303":"n","304":"o","305":"d","306":"e","307":":","308":"i","309":"n","31":"o","310":"t","311":"e","312":"r","313":"n","314":"a","315":"l","316":"/","317":"t","318":"i","319":"m","32":"r","320":"e","321":"r","322":"s","323":":","324":"5","325":"2","326":"9","327":":","328":"7","329":")","33":"i","34":"e","35":"s","36":".","37":"f","38":"i","39":"n","4":"o","40":"d","41":"(","42":")","43":"`","44":" ","45":"b","46":"u","47":"f","48":"f","49":"e","5":"o","50":"r","51":"i","52":"n","53":"g","54":" ","55":"t","56":"i","57":"m","58":"e","59":"d","6":"s","60":" ","61":"o","62":"u","63":"t","64":" ","65":"a","66":"f","67":"t","68":"e","69":"r","7":"e","70":" ","71":"1","72":"0","73":"0","74":"0","75":"0","76":"m","77":"s","78":"\n","79":" ","8":"E","80":" ","81":" ","82":" ","83":"a","84":"t","85":" ","86":"T","87":"i","88":"m","89":"e","9":"r","90":"o","91":"u","92":"t","93":".","94":"<","95":"a","96":"n","97":"o","98":"n","99":"y","level":"error","message":"Error in loadHome:","timestamp":"2025-09-23 12:03:03"}
{"level":"info","message":"server running","timestamp":"2025-09-23 12:05:26"}
{"level":"info","message":"server running","timestamp":"2025-09-23 14:37:43"}
{"level":"info","message":"server running","timestamp":"2025-09-23 15:12:36"}
{"level":"info","message":"server running","timestamp":"2025-09-23 15:31:15"}
{"level":"info","message":"server running","timestamp":"2025-09-23 17:09:29"}
{"email":"jasim@gmail.com","level":"info","message":"Login request body:","timestamp":"2025-09-23 17:10:01"}
{"0":"j","1":"a","10":"l","11":".","12":"c","13":"o","14":"m","2":"s","3":"i","4":"m","5":"@","6":"g","7":"m","8":"a","9":"i","level":"info","message":"User found:","timestamp":"2025-09-23 17:10:01"}
{"level":"info","message":"Password match:","timestamp":"2025-09-23 17:10:01"}
{"buffer":{"data":[104,194,157,184,45,55,137,93,252,142,187,218],"type":"Buffer"},"level":"info","message":"Session userId set:","timestamp":"2025-09-23 17:10:01"}
{"level":"info","message":"server running","timestamp":"2025-09-23 17:19:02"}
{"level":"info","message":"server running","timestamp":"2025-09-23 19:40:43"}
{"level":"info","message":"server running","timestamp":"2025-09-23 19:51:49"}
{"level":"info","message":"server running","timestamp":"2025-09-23 19:54:05"}
{"level":"info","message":"server running","timestamp":"2025-09-23 19:54:50"}
{"level":"info","message":"server running","timestamp":"2025-09-23 19:54:55"}
{"level":"info","message":"server running","timestamp":"2025-09-23 19:55:46"}
{"level":"info","message":"server running","timestamp":"2025-09-23 19:56:44"}
{"level":"info","message":"server running","timestamp":"2025-09-23 19:57:02"}
{"level":"info","message":"server running","timestamp":"2025-09-23 19:57:07"}
{"level":"info","message":"server running","timestamp":"2025-09-23 19:57:34"}
{"level":"info","message":"server running","timestamp":"2025-09-23 19:58:08"}
{"level":"info","message":"server running","timestamp":"2025-09-23 19:58:17"}
{"level":"info","message":"server running","timestamp":"2025-09-23 19:58:19"}
{"email":"jasim@gmail.com","level":"info","message":"Login request body:","timestamp":"2025-09-23 20:08:32"}
{"0":"j","1":"a","10":"l","11":".","12":"c","13":"o","14":"m","2":"s","3":"i","4":"m","5":"@","6":"g","7":"m","8":"a","9":"i","level":"info","message":"User found:","timestamp":"2025-09-23 20:08:32"}
{"level":"info","message":"Password match:","timestamp":"2025-09-23 20:08:33"}
{"buffer":{"data":[104,194,157,184,45,55,137,93,252,142,187,218],"type":"Buffer"},"level":"info","message":"Session userId set:","timestamp":"2025-09-23 20:08:33"}
{"level":"info","message":"server running","timestamp":"2025-09-23 20:09:31"}
{"level":"info","message":"server running","timestamp":"2025-09-23 20:09:39"}
{"level":"info","message":"server running","timestamp":"2025-09-23 20:09:50"}
{"email":"jasim@gmail.com","level":"info","message":"Login request body:","timestamp":"2025-09-23 20:11:20"}
{"0":"j","1":"a","10":"l","11":".","12":"c","13":"o","14":"m","2":"s","3":"i","4":"m","5":"@","6":"g","7":"m","8":"a","9":"i","level":"info","message":"User found:","timestamp":"2025-09-23 20:11:20"}
{"level":"info","message":"Password match:","timestamp":"2025-09-23 20:11:20"}
{"buffer":{"data":[104,194,157,184,45,55,137,93,252,142,187,218],"type":"Buffer"},"level":"info","message":"Session userId set:","timestamp":"2025-09-23 20:11:20"}
{"level":"info","message":"server running","timestamp":"2025-09-23 20:21:28"}
{"email":"jasim@gmail.com","level":"info","message":"Login request body:","timestamp":"2025-09-23 20:21:39"}
{"0":"j","1":"a","10":"l","11":".","12":"c","13":"o","14":"m","2":"s","3":"i","4":"m","5":"@","6":"g","7":"m","8":"a","9":"i","level":"info","message":"User found:","timestamp":"2025-09-23 20:21:39"}
{"level":"info","message":"Password match:","timestamp":"2025-09-23 20:21:40"}
{"buffer":{"data":[104,194,157,184,45,55,137,93,252,142,187,218],"type":"Buffer"},"level":"info","message":"Session userId set:","timestamp":"2025-09-23 20:21:40"}
{"level":"info","message":"server running","timestamp":"2025-09-23 20:22:31"}
{"level":"info","message":"server running","timestamp":"2025-09-23 20:25:09"}
{"email":"jasim@gmail.com","level":"info","message":"Login request body:","timestamp":"2025-09-23 20:30:29"}
{"0":"j","1":"a","10":"l","11":".","12":"c","13":"o","14":"m","2":"s","3":"i","4":"m","5":"@","6":"g","7":"m","8":"a","9":"i","level":"info","message":"User found:","timestamp":"2025-09-23 20:30:29"}
{"level":"info","message":"Password match:","timestamp":"2025-09-23 20:30:29"}
{"buffer":{"data":[104,194,157,184,45,55,137,93,252,142,187,218],"type":"Buffer"},"level":"info","message":"Session userId set:","timestamp":"2025-09-23 20:30:29"}
{"level":"info","message":"server running","timestamp":"2025-09-23 22:17:02"}
{"level":"info","message":"server running","timestamp":"2025-09-23 22:18:41"}
{"level":"info","message":"server running","timestamp":"2025-09-23 22:21:34"}
{"0":"M","1":"o","10":"r","100":"m","101":"o","102":"u","103":"s","104":">","105":" ","106":"(","107":"C","108":":","109":"\\","11":"o","110":"U","111":"s","112":"e","113":"r","114":"s","115":"\\","116":"U","117":"S","118":"E","119":"R","12":"r","120":"\\","121":"D","122":"e","123":"s","124":"k","125":"t","126":"o","127":"p","128":"\\","129":"M","13":":","130":"y","131":" ","132":"t","133":"h","134":"i","135":"n","136":"g","137":"s","138":"\\","139":"w","14":" ","140":"e","141":"b","142":"A","143":"p","144":"p","145":"\\","146":"n","147":"o","148":"d","149":"e","15":"O","150":"_","151":"m","152":"o","153":"d","154":"u","155":"l","156":"e","157":"s","158":"\\","159":"m","16":"p","160":"o","161":"n","162":"g","163":"o","164":"o","165":"s","166":"e","167":"\\","168":"l","169":"i","17":"e","170":"b","171":"\\","172":"d","173":"r","174":"i","175":"v","176":"e","177":"r","178":"s","179":"\\","18":"r","180":"n","181":"o","182":"d","183":"e","184":"-","185":"m","186":"o","187":"n","188":"g","189":"o","19":"a","190":"d","191":"b","192":"-","193":"n","194":"a","195":"t","196":"i","197":"v","198":"e","199":"\\","2":"n","20":"t","200":"c","201":"o","202":"l","203":"l","204":"e","205":"c","206":"t","207":"i","208":"o","209":"n","21":"i","210":".","211":"j","212":"s","213":":","214":"1","215":"8","216":"7","217":":","218":"2","219":"3","22":"o","220":")","221":"\n","222":" ","223":" ","224":" ","225":" ","226":"a","227":"t","228":" ","229":"l","23":"n","230":"i","231":"s","232":"t","233":"O","234":"n","235":"T","236":"i","237":"m","238":"e","239":"o","24":" ","240":"u","241":"t","242":" ","243":"(","244":"n","245":"o","246":"d","247":"e","248":":","249":"i","25":"`","250":"n","251":"t","252":"e","253":"r","254":"n","255":"a","256":"l","257":"/","258":"t","259":"i","26":"c","260":"m","261":"e","262":"r","263":"s","264":":","265":"5","266":"9","267":"4","268":":","269":"1","27":"a","270":"7","271":")","272":"\n","273":" ","274":" ","275":" ","276":" ","277":"a","278":"t","279":" ","28":"t","280":"p","281":"r","282":"o","283":"c","284":"e","285":"s","286":"s","287":".","288":"p","289":"r","29":"e","290":"o","291":"c","292":"e","293":"s","294":"s","295":"T","296":"i","297":"m","298":"e","299":"r","3":"g","30":"g","300":"s","301":" ","302":"(","303":"n","304":"o","305":"d","306":"e","307":":","308":"i","309":"n","31":"o","310":"t","311":"e","312":"r","313":"n","314":"a","315":"l","316":"/","317":"t","318":"i","319":"m","32":"r","320":"e","321":"r","322":"s","323":":","324":"5","325":"2","326":"9","327":":","328":"7","329":")","33":"i","34":"e","35":"s","36":".","37":"f","38":"i","39":"n","4":"o","40":"d","41":"(","42":")","43":"`","44":" ","45":"b","46":"u","47":"f","48":"f","49":"e","5":"o","50":"r","51":"i","52":"n","53":"g","54":" ","55":"t","56":"i","57":"m","58":"e","59":"d","6":"s","60":" ","61":"o","62":"u","63":"t","64":" ","65":"a","66":"f","67":"t","68":"e","69":"r","7":"e","70":" ","71":"1","72":"0","73":"0","74":"0","75":"0","76":"m","77":"s","78":"\n","79":" ","8":"E","80":" ","81":" ","82":" ","83":"a","84":"t","85":" ","86":"T","87":"i","88":"m","89":"e","9":"r","90":"o","91":"u","92":"t","93":".","94":"<","95":"a","96":"n","97":"o","98":"n","99":"y","level":"error","message":"Error in loadHome:","timestamp":"2025-09-23 22:21:50"}
{"0":"M","1":"o","10":"r","100":"m","101":"o","102":"u","103":"s","104":">","105":" ","106":"(","107":"C","108":":","109":"\\","11":"o","110":"U","111":"s","112":"e","113":"r","114":"s","115":"\\","116":"U","117":"S","118":"E","119":"R","12":"r","120":"\\","121":"D","122":"e","123":"s","124":"k","125":"t","126":"o","127":"p","128":"\\","129":"M","13":":","130":"y","131":" ","132":"t","133":"h","134":"i","135":"n","136":"g","137":"s","138":"\\","139":"w","14":" ","140":"e","141":"b","142":"A","143":"p","144":"p","145":"\\","146":"n","147":"o","148":"d","149":"e","15":"O","150":"_","151":"m","152":"o","153":"d","154":"u","155":"l","156":"e","157":"s","158":"\\","159":"m","16":"p","160":"o","161":"n","162":"g","163":"o","164":"o","165":"s","166":"e","167":"\\","168":"l","169":"i","17":"e","170":"b","171":"\\","172":"d","173":"r","174":"i","175":"v","176":"e","177":"r","178":"s","179":"\\","18":"r","180":"n","181":"o","182":"d","183":"e","184":"-","185":"m","186":"o","187":"n","188":"g","189":"o","19":"a","190":"d","191":"b","192":"-","193":"n","194":"a","195":"t","196":"i","197":"v","198":"e","199":"\\","2":"n","20":"t","200":"c","201":"o","202":"l","203":"l","204":"e","205":"c","206":"t","207":"i","208":"o","209":"n","21":"i","210":".","211":"j","212":"s","213":":","214":"1","215":"8","216":"7","217":":","218":"2","219":"3","22":"o","220":")","221":"\n","222":" ","223":" ","224":" ","225":" ","226":"a","227":"t","228":" ","229":"l","23":"n","230":"i","231":"s","232":"t","233":"O","234":"n","235":"T","236":"i","237":"m","238":"e","239":"o","24":" ","240":"u","241":"t","242":" ","243":"(","244":"n","245":"o","246":"d","247":"e","248":":","249":"i","25":"`","250":"n","251":"t","252":"e","253":"r","254":"n","255":"a","256":"l","257":"/","258":"t","259":"i","26":"c","260":"m","261":"e","262":"r","263":"s","264":":","265":"5","266":"9","267":"4","268":":","269":"1","27":"a","270":"7","271":")","272":"\n","273":" ","274":" ","275":" ","276":" ","277":"a","278":"t","279":" ","28":"t","280":"p","281":"r","282":"o","283":"c","284":"e","285":"s","286":"s","287":".","288":"p","289":"r","29":"e","290":"o","291":"c","292":"e","293":"s","294":"s","295":"T","296":"i","297":"m","298":"e","299":"r","3":"g","30":"g","300":"s","301":" ","302":"(","303":"n","304":"o","305":"d","306":"e","307":":","308":"i","309":"n","31":"o","310":"t","311":"e","312":"r","313":"n","314":"a","315":"l","316":"/","317":"t","318":"i","319":"m","32":"r","320":"e","321":"r","322":"s","323":":","324":"5","325":"2","326":"9","327":":","328":"7","329":")","33":"i","34":"e","35":"s","36":".","37":"f","38":"i","39":"n","4":"o","40":"d","41":"(","42":")","43":"`","44":" ","45":"b","46":"u","47":"f","48":"f","49":"e","5":"o","50":"r","51":"i","52":"n","53":"g","54":" ","55":"t","56":"i","57":"m","58":"e","59":"d","6":"s","60":" ","61":"o","62":"u","63":"t","64":" ","65":"a","66":"f","67":"t","68":"e","69":"r","7":"e","70":" ","71":"1","72":"0","73":"0","74":"0","75":"0","76":"m","77":"s","78":"\n","79":" ","8":"E","80":" ","81":" ","82":" ","83":"a","84":"t","85":" ","86":"T","87":"i","88":"m","89":"e","9":"r","90":"o","91":"u","92":"t","93":".","94":"<","95":"a","96":"n","97":"o","98":"n","99":"y","level":"error","message":"Error in loadHome:","timestamp":"2025-09-23 22:22:01"}
{"0":"M","1":"o","10":"r","100":"m","101":"o","102":"u","103":"s","104":">","105":" ","106":"(","107":"C","108":":","109":"\\","11":"o","110":"U","111":"s","112":"e","113":"r","114":"s","115":"\\","116":"U","117":"S","118":"E","119":"R","12":"r","120":"\\","121":"D","122":"e","123":"s","124":"k","125":"t","126":"o","127":"p","128":"\\","129":"M","13":":","130":"y","131":" ","132":"t","133":"h","134":"i","135":"n","136":"g","137":"s","138":"\\","139":"w","14":" ","140":"e","141":"b","142":"A","143":"p","144":"p","145":"\\","146":"n","147":"o","148":"d","149":"e","15":"O","150":"_","151":"m","152":"o","153":"d","154":"u","155":"l","156":"e","157":"s","158":"\\","159":"m","16":"p","160":"o","161":"n","162":"g","163":"o","164":"o","165":"s","166":"e","167":"\\","168":"l","169":"i","17":"e","170":"b","171":"\\","172":"d","173":"r","174":"i","175":"v","176":"e","177":"r","178":"s","179":"\\","18":"r","180":"n","181":"o","182":"d","183":"e","184":"-","185":"m","186":"o","187":"n","188":"g","189":"o","19":"a","190":"d","191":"b","192":"-","193":"n","194":"a","195":"t","196":"i","197":"v","198":"e","199":"\\","2":"n","20":"t","200":"c","201":"o","202":"l","203":"l","204":"e","205":"c","206":"t","207":"i","208":"o","209":"n","21":"i","210":".","211":"j","212":"s","213":":","214":"1","215":"8","216":"7","217":":","218":"2","219":"3","22":"o","220":")","221":"\n","222":" ","223":" ","224":" ","225":" ","226":"a","227":"t","228":" ","229":"l","23":"n","230":"i","231":"s","232":"t","233":"O","234":"n","235":"T","236":"i","237":"m","238":"e","239":"o","24":" ","240":"u","241":"t","242":" ","243":"(","244":"n","245":"o","246":"d","247":"e","248":":","249":"i","25":"`","250":"n","251":"t","252":"e","253":"r","254":"n","255":"a","256":"l","257":"/","258":"t","259":"i","26":"c","260":"m","261":"e","262":"r","263":"s","264":":","265":"5","266":"9","267":"4","268":":","269":"1","27":"a","270":"7","271":")","272":"\n","273":" ","274":" ","275":" ","276":" ","277":"a","278":"t","279":" ","28":"t","280":"p","281":"r","282":"o","283":"c","284":"e","285":"s","286":"s","287":".","288":"p","289":"r","29":"e","290":"o","291":"c","292":"e","293":"s","294":"s","295":"T","296":"i","297":"m","298":"e","299":"r","3":"g","30":"g","300":"s","301":" ","302":"(","303":"n","304":"o","305":"d","306":"e","307":":","308":"i","309":"n","31":"o","310":"t","311":"e","312":"r","313":"n","314":"a","315":"l","316":"/","317":"t","318":"i","319":"m","32":"r","320":"e","321":"r","322":"s","323":":","324":"5","325":"2","326":"9","327":":","328":"7","329":")","33":"i","34":"e","35":"s","36":".","37":"f","38":"i","39":"n","4":"o","40":"d","41":"(","42":")","43":"`","44":" ","45":"b","46":"u","47":"f","48":"f","49":"e","5":"o","50":"r","51":"i","52":"n","53":"g","54":" ","55":"t","56":"i","57":"m","58":"e","59":"d","6":"s","60":" ","61":"o","62":"u","63":"t","64":" ","65":"a","66":"f","67":"t","68":"e","69":"r","7":"e","70":" ","71":"1","72":"0","73":"0","74":"0","75":"0","76":"m","77":"s","78":"\n","79":" ","8":"E","80":" ","81":" ","82":" ","83":"a","84":"t","85":" ","86":"T","87":"i","88":"m","89":"e","9":"r","90":"o","91":"u","92":"t","93":".","94":"<","95":"a","96":"n","97":"o","98":"n","99":"y","level":"error","message":"Error in loadHome:","timestamp":"2025-09-23 22:22:12"}
{"level":"info","message":"server running","timestamp":"2025-09-23 22:23:11"}
{"0":"M","1":"o","10":"r","100":"m","101":"o","102":"u","103":"s","104":">","105":" ","106":"(","107":"C","108":":","109":"\\","11":"o","110":"U","111":"s","112":"e","113":"r","114":"s","115":"\\","116":"U","117":"S","118":"E","119":"R","12":"r","120":"\\","121":"D","122":"e","123":"s","124":"k","125":"t","126":"o","127":"p","128":"\\","129":"M","13":":","130":"y","131":" ","132":"t","133":"h","134":"i","135":"n","136":"g","137":"s","138":"\\","139":"w","14":" ","140":"e","141":"b","142":"A","143":"p","144":"p","145":"\\","146":"n","147":"o","148":"d","149":"e","15":"O","150":"_","151":"m","152":"o","153":"d","154":"u","155":"l","156":"e","157":"s","158":"\\","159":"m","16":"p","160":"o","161":"n","162":"g","163":"o","164":"o","165":"s","166":"e","167":"\\","168":"l","169":"i","17":"e","170":"b","171":"\\","172":"d","173":"r","174":"i","175":"v","176":"e","177":"r","178":"s","179":"\\","18":"r","180":"n","181":"o","182":"d","183":"e","184":"-","185":"m","186":"o","187":"n","188":"g","189":"o","19":"a","190":"d","191":"b","192":"-","193":"n","194":"a","195":"t","196":"i","197":"v","198":"e","199":"\\","2":"n","20":"t","200":"c","201":"o","202":"l","203":"l","204":"e","205":"c","206":"t","207":"i","208":"o","209":"n","21":"i","210":".","211":"j","212":"s","213":":","214":"1","215":"8","216":"7","217":":","218":"2","219":"3","22":"o","220":")","221":"\n","222":" ","223":" ","224":" ","225":" ","226":"a","227":"t","228":" ","229":"l","23":"n","230":"i","231":"s","232":"t","233":"O","234":"n","235":"T","236":"i","237":"m","238":"e","239":"o","24":" ","240":"u","241":"t","242":" ","243":"(","244":"n","245":"o","246":"d","247":"e","248":":","249":"i","25":"`","250":"n","251":"t","252":"e","253":"r","254":"n","255":"a","256":"l","257":"/","258":"t","259":"i","26":"c","260":"m","261":"e","262":"r","263":"s","264":":","265":"5","266":"9","267":"4","268":":","269":"1","27":"a","270":"7","271":")","272":"\n","273":" ","274":" ","275":" ","276":" ","277":"a","278":"t","279":" ","28":"t","280":"p","281":"r","282":"o","283":"c","284":"e","285":"s","286":"s","287":".","288":"p","289":"r","29":"e","290":"o","291":"c","292":"e","293":"s","294":"s","295":"T","296":"i","297":"m","298":"e","299":"r","3":"g","30":"g","300":"s","301":" ","302":"(","303":"n","304":"o","305":"d","306":"e","307":":","308":"i","309":"n","31":"o","310":"t","311":"e","312":"r","313":"n","314":"a","315":"l","316":"/","317":"t","318":"i","319":"m","32":"r","320":"e","321":"r","322":"s","323":":","324":"5","325":"2","326":"9","327":":","328":"7","329":")","33":"i","34":"e","35":"s","36":".","37":"f","38":"i","39":"n","4":"o","40":"d","41":"(","42":")","43":"`","44":" ","45":"b","46":"u","47":"f","48":"f","49":"e","5":"o","50":"r","51":"i","52":"n","53":"g","54":" ","55":"t","56":"i","57":"m","58":"e","59":"d","6":"s","60":" ","61":"o","62":"u","63":"t","64":" ","65":"a","66":"f","67":"t","68":"e","69":"r","7":"e","70":" ","71":"1","72":"0","73":"0","74":"0","75":"0","76":"m","77":"s","78":"\n","79":" ","8":"E","80":" ","81":" ","82":" ","83":"a","84":"t","85":" ","86":"T","87":"i","88":"m","89":"e","9":"r","90":"o","91":"u","92":"t","93":".","94":"<","95":"a","96":"n","97":"o","98":"n","99":"y","level":"error","message":"Error in loadHome:","timestamp":"2025-09-23 22:23:32"}
{"email":"jasim@gmail.com","level":"info","message":"Login request body:","timestamp":"2025-09-23 22:23:44"}
{"0":"M","1":"o","10":"r","100":"m","101":"o","102":"u","103":"s","104":">","105":" ","106":"(","107":"C","108":":","109":"\\","11":"o","110":"U","111":"s","112":"e","113":"r","114":"s","115":"\\","116":"U","117":"S","118":"E","119":"R","12":"r","120":"\\","121":"D","122":"e","123":"s","124":"k","125":"t","126":"o","127":"p","128":"\\","129":"M","13":":","130":"y","131":" ","132":"t","133":"h","134":"i","135":"n","136":"g","137":"s","138":"\\","139":"w","14":" ","140":"e","141":"b","142":"A","143":"p","144":"p","145":"\\","146":"n","147":"o","148":"d","149":"e","15":"O","150":"_","151":"m","152":"o","153":"d","154":"u","155":"l","156":"e","157":"s","158":"\\","159":"m","16":"p","160":"o","161":"n","162":"g","163":"o","164":"o","165":"s","166":"e","167":"\\","168":"l","169":"i","17":"e","170":"b","171":"\\","172":"d","173":"r","174":"i","175":"v","176":"e","177":"r","178":"s","179":"\\","18":"r","180":"n","181":"o","182":"d","183":"e","184":"-","185":"m","186":"o","187":"n","188":"g","189":"o","19":"a","190":"d","191":"b","192":"-","193":"n","194":"a","195":"t","196":"i","197":"v","198":"e","199":"\\","2":"n","20":"t","200":"c","201":"o","202":"l","203":"l","204":"e","205":"c","206":"t","207":"i","208":"o","209":"n","21":"i","210":".","211":"j","212":"s","213":":","214":"1","215":"8","216":"7","217":":","218":"2","219":"3","22":"o","220":")","221":"\n","222":" ","223":" ","224":" ","225":" ","226":"a","227":"t","228":" ","229":"l","23":"n","230":"i","231":"s","232":"t","233":"O","234":"n","235":"T","236":"i","237":"m","238":"e","239":"o","24":" ","240":"u","241":"t","242":" ","243":"(","244":"n","245":"o","246":"d","247":"e","248":":","249":"i","25":"`","250":"n","251":"t","252":"e","253":"r","254":"n","255":"a","256":"l","257":"/","258":"t","259":"i","26":"c","260":"m","261":"e","262":"r","263":"s","264":":","265":"5","266":"9","267":"4","268":":","269":"1","27":"a","270":"7","271":")","272":"\n","273":" ","274":" ","275":" ","276":" ","277":"a","278":"t","279":" ","28":"t","280":"p","281":"r","282":"o","283":"c","284":"e","285":"s","286":"s","287":".","288":"p","289":"r","29":"e","290":"o","291":"c","292":"e","293":"s","294":"s","295":"T","296":"i","297":"m","298":"e","299":"r","3":"g","30":"g","300":"s","301":" ","302":"(","303":"n","304":"o","305":"d","306":"e","307":":","308":"i","309":"n","31":"o","310":"t","311":"e","312":"r","313":"n","314":"a","315":"l","316":"/","317":"t","318":"i","319":"m","32":"r","320":"e","321":"r","322":"s","323":":","324":"5","325":"2","326":"9","327":":","328":"7","329":")","33":"i","34":"e","35":"s","36":".","37":"f","38":"i","39":"n","4":"o","40":"d","41":"(","42":")","43":"`","44":" ","45":"b","46":"u","47":"f","48":"f","49":"e","5":"o","50":"r","51":"i","52":"n","53":"g","54":" ","55":"t","56":"i","57":"m","58":"e","59":"d","6":"s","60":" ","61":"o","62":"u","63":"t","64":" ","65":"a","66":"f","67":"t","68":"e","69":"r","7":"e","70":" ","71":"1","72":"0","73":"0","74":"0","75":"0","76":"m","77":"s","78":"\n","79":" ","8":"E","80":" ","81":" ","82":" ","83":"a","84":"t","85":" ","86":"T","87":"i","88":"m","89":"e","9":"r","90":"o","91":"u","92":"t","93":".","94":"<","95":"a","96":"n","97":"o","98":"n","99":"y","level":"error","message":"Error in loadHome:","timestamp":"2025-09-23 22:23:48"}
{"0":"M","1":"o","10":"r","100":"u","101":"s","102":">","103":" ","104":"(","105":"C","106":":","107":"\\","108":"U","109":"s","11":"o","110":"e","111":"r","112":"s","113":"\\","114":"U","115":"S","116":"E","117":"R","118":"\\","119":"D","12":"r","120":"e","121":"s","122":"k","123":"t","124":"o","125":"p","126":"\\","127":"M","128":"y","129":" ","13":":","130":"t","131":"h","132":"i","133":"n","134":"g","135":"s","136":"\\","137":"w","138":"e","139":"b","14":" ","140":"A","141":"p","142":"p","143":"\\","144":"n","145":"o","146":"d","147":"e","148":"_","149":"m","15":"O","150":"o","151":"d","152":"u","153":"l","154":"e","155":"s","156":"\\","157":"m","158":"o","159":"n","16":"p","160":"g","161":"o","162":"o","163":"s","164":"e","165":"\\","166":"l","167":"i","168":"b","169":"\\","17":"e","170":"d","171":"r","172":"i","173":"v","174":"e","175":"r","176":"s","177":"\\","178":"n","179":"o","18":"r","180":"d","181":"e","182":"-","183":"m","184":"o","185":"n","186":"g","187":"o","188":"d","189":"b","19":"a","190":"-","191":"n","192":"a","193":"t","194":"i","195":"v","196":"e","197":"\\","198":"c","199":"o","2":"n","20":"t","200":"l","201":"l","202":"e","203":"c","204":"t","205":"i","206":"o","207":"n","208":".","209":"j","21":"i","210":"s","211":":","212":"1","213":"8","214":"7","215":":","216":"2","217":"3","218":")","219":"\n","22":"o","220":" ","221":" ","222":" ","223":" ","224":"a","225":"t","226":" ","227":"l","228":"i","229":"s","23":"n","230":"t","231":"O","232":"n","233":"T","234":"i","235":"m","236":"e","237":"o","238":"u","239":"t","24":" ","240":" ","241":"(","242":"n","243":"o","244":"d","245":"e","246":":","247":"i","248":"n","249":"t","25":"`","250":"e","251":"r","252":"n","253":"a","254":"l","255":"/","256":"t","257":"i","258":"m","259":"e","26":"u","260":"r","261":"s","262":":","263":"5","264":"9","265":"4","266":":","267":"1","268":"7","269":")","27":"s","270":"\n","271":" ","272":" ","273":" ","274":" ","275":"a","276":"t","277":" ","278":"p","279":"r","28":"e","280":"o","281":"c","282":"e","283":"s","284":"s","285":".","286":"p","287":"r","288":"o","289":"c","29":"r","290":"e","291":"s","292":"s","293":"T","294":"i","295":"m","296":"e","297":"r","298":"s","299":" ","3":"g","30":"s","300":"(","301":"n","302":"o","303":"d","304":"e","305":":","306":"i","307":"n","308":"t","309":"e","31":".","310":"r","311":"n","312":"a","313":"l","314":"/","315":"t","316":"i","317":"m","318":"e","319":"r","32":"f","320":"s","321":":","322":"5","323":"2","324":"9","325":":","326":"7","327":")","33":"i","34":"n","35":"d","36":"O","37":"n","38":"e","39":"(","4":"o","40":")","41":"`","42":" ","43":"b","44":"u","45":"f","46":"f","47":"e","48":"r","49":"i","5":"o","50":"n","51":"g","52":" ","53":"t","54":"i","55":"m","56":"e","57":"d","58":" ","59":"o","6":"s","60":"u","61":"t","62":" ","63":"a","64":"f","65":"t","66":"e","67":"r","68":" ","69":"1","7":"e","70":"0","71":"0","72":"0","73":"0","74":"m","75":"s","76":"\n","77":" ","78":" ","79":" ","8":"E","80":" ","81":"a","82":"t","83":" ","84":"T","85":"i","86":"m","87":"e","88":"o","89":"u","9":"r","90":"t","91":".","92":"<","93":"a","94":"n","95":"o","96":"n","97":"y","98":"m","99":"o","level":"error","message":"Error in login controller:","timestamp":"2025-09-23 22:23:54"}
{"level":"info","message":"server running","timestamp":"2025-09-23 22:24:09"}
{"email":"jasim@gmail.com","level":"info","message":"Login request body:","timestamp":"2025-09-23 22:24:15"}
{"0":"M","1":"o","10":"r","100":"u","101":"s","102":">","103":" ","104":"(","105":"C","106":":","107":"\\","108":"U","109":"s","11":"o","110":"e","111":"r","112":"s","113":"\\","114":"U","115":"S","116":"E","117":"R","118":"\\","119":"D","12":"r","120":"e","121":"s","122":"k","123":"t","124":"o","125":"p","126":"\\","127":"M","128":"y","129":" ","13":":","130":"t","131":"h","132":"i","133":"n","134":"g","135":"s","136":"\\","137":"w","138":"e","139":"b","14":" ","140":"A","141":"p","142":"p","143":"\\","144":"n","145":"o","146":"d","147":"e","148":"_","149":"m","15":"O","150":"o","151":"d","152":"u","153":"l","154":"e","155":"s","156":"\\","157":"m","158":"o","159":"n","16":"p","160":"g","161":"o","162":"o","163":"s","164":"e","165":"\\","166":"l","167":"i","168":"b","169":"\\","17":"e","170":"d","171":"r","172":"i","173":"v","174":"e","175":"r","176":"s","177":"\\","178":"n","179":"o","18":"r","180":"d","181":"e","182":"-","183":"m","184":"o","185":"n","186":"g","187":"o","188":"d","189":"b","19":"a","190":"-","191":"n","192":"a","193":"t","194":"i","195":"v","196":"e","197":"\\","198":"c","199":"o","2":"n","20":"t","200":"l","201":"l","202":"e","203":"c","204":"t","205":"i","206":"o","207":"n","208":".","209":"j","21":"i","210":"s","211":":","212":"1","213":"8","214":"7","215":":","216":"2","217":"3","218":")","219":"\n","22":"o","220":" ","221":" ","222":" ","223":" ","224":"a","225":"t","226":" ","227":"l","228":"i","229":"s","23":"n","230":"t","231":"O","232":"n","233":"T","234":"i","235":"m","236":"e","237":"o","238":"u","239":"t","24":" ","240":" ","241":"(","242":"n","243":"o","244":"d","245":"e","246":":","247":"i","248":"n","249":"t","25":"`","250":"e","251":"r","252":"n","253":"a","254":"l","255":"/","256":"t","257":"i","258":"m","259":"e","26":"u","260":"r","261":"s","262":":","263":"5","264":"9","265":"4","266":":","267":"1","268":"7","269":")","27":"s","270":"\n","271":" ","272":" ","273":" ","274":" ","275":"a","276":"t","277":" ","278":"p","279":"r","28":"e","280":"o","281":"c","282":"e","283":"s","284":"s","285":".","286":"p","287":"r","288":"o","289":"c","29":"r","290":"e","291":"s","292":"s","293":"T","294":"i","295":"m","296":"e","297":"r","298":"s","299":" ","3":"g","30":"s","300":"(","301":"n","302":"o","303":"d","304":"e","305":":","306":"i","307":"n","308":"t","309":"e","31":".","310":"r","311":"n","312":"a","313":"l","314":"/","315":"t","316":"i","317":"m","318":"e","319":"r","32":"f","320":"s","321":":","322":"5","323":"2","324":"9","325":":","326":"7","327":")","33":"i","34":"n","35":"d","36":"O","37":"n","38":"e","39":"(","4":"o","40":")","41":"`","42":" ","43":"b","44":"u","45":"f","46":"f","47":"e","48":"r","49":"i","5":"o","50":"n","51":"g","52":" ","53":"t","54":"i","55":"m","56":"e","57":"d","58":" ","59":"o","6":"s","60":"u","61":"t","62":" ","63":"a","64":"f","65":"t","66":"e","67":"r","68":" ","69":"1","7":"e","70":"0","71":"0","72":"0","73":"0","74":"m","75":"s","76":"\n","77":" ","78":" ","79":" ","8":"E","80":" ","81":"a","82":"t","83":" ","84":"T","85":"i","86":"m","87":"e","88":"o","89":"u","9":"r","90":"t","91":".","92":"<","93":"a","94":"n","95":"o","96":"n","97":"y","98":"m","99":"o","level":"error","message":"Error in login controller:","timestamp":"2025-09-23 22:24:25"}
{"level":"info","message":"server running","timestamp":"2025-09-23 22:25:33"}
{"email":"jasim@gmail.com","level":"info","message":"Login request body:","timestamp":"2025-09-23 22:25:50"}
{"0":"M","1":"o","10":"r","100":"u","101":"s","102":">","103":" ","104":"(","105":"C","106":":","107":"\\","108":"U","109":"s","11":"o","110":"e","111":"r","112":"s","113":"\\","114":"U","115":"S","116":"E","117":"R","118":"\\","119":"D","12":"r","120":"e","121":"s","122":"k","123":"t","124":"o","125":"p","126":"\\","127":"M","128":"y","129":" ","13":":","130":"t","131":"h","132":"i","133":"n","134":"g","135":"s","136":"\\","137":"w","138":"e","139":"b","14":" ","140":"A","141":"p","142":"p","143":"\\","144":"n","145":"o","146":"d","147":"e","148":"_","149":"m","15":"O","150":"o","151":"d","152":"u","153":"l","154":"e","155":"s","156":"\\","157":"m","158":"o","159":"n","16":"p","160":"g","161":"o","162":"o","163":"s","164":"e","165":"\\","166":"l","167":"i","168":"b","169":"\\","17":"e","170":"d","171":"r","172":"i","173":"v","174":"e","175":"r","176":"s","177":"\\","178":"n","179":"o","18":"r","180":"d","181":"e","182":"-","183":"m","184":"o","185":"n","186":"g","187":"o","188":"d","189":"b","19":"a","190":"-","191":"n","192":"a","193":"t","194":"i","195":"v","196":"e","197":"\\","198":"c","199":"o","2":"n","20":"t","200":"l","201":"l","202":"e","203":"c","204":"t","205":"i","206":"o","207":"n","208":".","209":"j","21":"i","210":"s","211":":","212":"1","213":"8","214":"7","215":":","216":"2","217":"3","218":")","219":"\n","22":"o","220":" ","221":" ","222":" ","223":" ","224":"a","225":"t","226":" ","227":"l","228":"i","229":"s","23":"n","230":"t","231":"O","232":"n","233":"T","234":"i","235":"m","236":"e","237":"o","238":"u","239":"t","24":" ","240":" ","241":"(","242":"n","243":"o","244":"d","245":"e","246":":","247":"i","248":"n","249":"t","25":"`","250":"e","251":"r","252":"n","253":"a","254":"l","255":"/","256":"t","257":"i","258":"m","259":"e","26":"u","260":"r","261":"s","262":":","263":"5","264":"9","265":"4","266":":","267":"1","268":"7","269":")","27":"s","270":"\n","271":" ","272":" ","273":" ","274":" ","275":"a","276":"t","277":" ","278":"p","279":"r","28":"e","280":"o","281":"c","282":"e","283":"s","284":"s","285":".","286":"p","287":"r","288":"o","289":"c","29":"r","290":"e","291":"s","292":"s","293":"T","294":"i","295":"m","296":"e","297":"r","298":"s","299":" ","3":"g","30":"s","300":"(","301":"n","302":"o","303":"d","304":"e","305":":","306":"i","307":"n","308":"t","309":"e","31":".","310":"r","311":"n","312":"a","313":"l","314":"/","315":"t","316":"i","317":"m","318":"e","319":"r","32":"f","320":"s","321":":","322":"5","323":"2","324":"9","325":":","326":"7","327":")","33":"i","34":"n","35":"d","36":"O","37":"n","38":"e","39":"(","4":"o","40":")","41":"`","42":" ","43":"b","44":"u","45":"f","46":"f","47":"e","48":"r","49":"i","5":"o","50":"n","51":"g","52":" ","53":"t","54":"i","55":"m","56":"e","57":"d","58":" ","59":"o","6":"s","60":"u","61":"t","62":" ","63":"a","64":"f","65":"t","66":"e","67":"r","68":" ","69":"1","7":"e","70":"0","71":"0","72":"0","73":"0","74":"m","75":"s","76":"\n","77":" ","78":" ","79":" ","8":"E","80":" ","81":"a","82":"t","83":" ","84":"T","85":"i","86":"m","87":"e","88":"o","89":"u","9":"r","90":"t","91":".","92":"<","93":"a","94":"n","95":"o","96":"n","97":"y","98":"m","99":"o","level":"error","message":"Error in login controller:","timestamp":"2025-09-23 22:26:00"}
{"level":"info","message":"server running","timestamp":"2025-09-23 22:33:11"}
{"0":"M","1":"o","10":"r","100":"u","101":"s","102":">","103":" ","104":"(","105":"C","106":":","107":"\\","108":"U","109":"s","11":"o","110":"e","111":"r","112":"s","113":"\\","114":"U","115":"S","116":"E","117":"R","118":"\\","119":"D","12":"r","120":"e","121":"s","122":"k","123":"t","124":"o","125":"p","126":"\\","127":"M","128":"y","129":" ","13":":","130":"t","131":"h","132":"i","133":"n","134":"g","135":"s","136":"\\","137":"w","138":"e","139":"b","14":" ","140":"A","141":"p","142":"p","143":"\\","144":"n","145":"o","146":"d","147":"e","148":"_","149":"m","15":"O","150":"o","151":"d","152":"u","153":"l","154":"e","155":"s","156":"\\","157":"m","158":"o","159":"n","16":"p","160":"g","161":"o","162":"o","163":"s","164":"e","165":"\\","166":"l","167":"i","168":"b","169":"\\","17":"e","170":"d","171":"r","172":"i","173":"v","174":"e","175":"r","176":"s","177":"\\","178":"n","179":"o","18":"r","180":"d","181":"e","182":"-","183":"m","184":"o","185":"n","186":"g","187":"o","188":"d","189":"b","19":"a","190":"-","191":"n","192":"a","193":"t","194":"i","195":"v","196":"e","197":"\\","198":"c","199":"o","2":"n","20":"t","200":"l","201":"l","202":"e","203":"c","204":"t","205":"i","206":"o","207":"n","208":".","209":"j","21":"i","210":"s","211":":","212":"1","213":"8","214":"7","215":":","216":"2","217":"3","218":")","219":"\n","22":"o","220":" ","221":" ","222":" ","223":" ","224":"a","225":"t","226":" ","227":"l","228":"i","229":"s","23":"n","230":"t","231":"O","232":"n","233":"T","234":"i","235":"m","236":"e","237":"o","238":"u","239":"t","24":" ","240":" ","241":"(","242":"n","243":"o","244":"d","245":"e","246":":","247":"i","248":"n","249":"t","25":"`","250":"e","251":"r","252":"n","253":"a","254":"l","255":"/","256":"t","257":"i","258":"m","259":"e","26":"p","260":"r","261":"s","262":":","263":"5","264":"9","265":"4","266":":","267":"1","268":"7","269":")","27":"r","270":"\n","271":" ","272":" ","273":" ","274":" ","275":"a","276":"t","277":" ","278":"p","279":"r","28":"o","280":"o","281":"c","282":"e","283":"s","284":"s","285":".","286":"p","287":"r","288":"o","289":"c","29":"d","290":"e","291":"s","292":"s","293":"T","294":"i","295":"m","296":"e","297":"r","298":"s","299":" ","3":"g","30":"u","300":"(","301":"n","302":"o","303":"d","304":"e","305":":","306":"i","307":"n","308":"t","309":"e","31":"c","310":"r","311":"n","312":"a","313":"l","314":"/","315":"t","316":"i","317":"m","318":"e","319":"r","32":"t","320":"s","321":":","322":"5","323":"2","324":"9","325":":","326":"7","327":")","33":"s","34":".","35":"f","36":"i","37":"n","38":"d","39":"(","4":"o","40":")","41":"`","42":" ","43":"b","44":"u","45":"f","46":"f","47":"e","48":"r","49":"i","5":"o","50":"n","51":"g","52":" ","53":"t","54":"i","55":"m","56":"e","57":"d","58":" ","59":"o","6":"s","60":"u","61":"t","62":" ","63":"a","64":"f","65":"t","66":"e","67":"r","68":" ","69":"1","7":"e","70":"0","71":"0","72":"0","73":"0","74":"m","75":"s","76":"\n","77":" ","78":" ","79":" ","8":"E","80":" ","81":"a","82":"t","83":" ","84":"T","85":"i","86":"m","87":"e","88":"o","89":"u","9":"r","90":"t","91":".","92":"<","93":"a","94":"n","95":"o","96":"n","97":"y","98":"m","99":"o","level":"error","message":"Error in loadShop:","timestamp":"2025-09-23 22:33:22"}
{"level":"info","message":"server running","timestamp":"2025-09-23 23:42:50"}
{"0":"M","1":"o","10":"r","100":"m","101":"o","102":"u","103":"s","104":">","105":" ","106":"(","107":"C","108":":","109":"\\","11":"o","110":"U","111":"s","112":"e","113":"r","114":"s","115":"\\","116":"U","117":"S","118":"E","119":"R","12":"r","120":"\\","121":"D","122":"e","123":"s","124":"k","125":"t","126":"o","127":"p","128":"\\","129":"M","13":":","130":"y","131":" ","132":"t","133":"h","134":"i","135":"n","136":"g","137":"s","138":"\\","139":"w","14":" ","140":"e","141":"b","142":"A","143":"p","144":"p","145":"\\","146":"n","147":"o","148":"d","149":"e","15":"O","150":"_","151":"m","152":"o","153":"d","154":"u","155":"l","156":"e","157":"s","158":"\\","159":"m","16":"p","160":"o","161":"n","162":"g","163":"o","164":"o","165":"s","166":"e","167":"\\","168":"l","169":"i","17":"e","170":"b","171":"\\","172":"d","173":"r","174":"i","175":"v","176":"e","177":"r","178":"s","179":"\\","18":"r","180":"n","181":"o","182":"d","183":"e","184":"-","185":"m","186":"o","187":"n","188":"g","189":"o","19":"a","190":"d","191":"b","192":"-","193":"n","194":"a","195":"t","196":"i","197":"v","198":"e","199":"\\","2":"n","20":"t","200":"c","201":"o","202":"l","203":"l","204":"e","205":"c","206":"t","207":"i","208":"o","209":"n","21":"i","210":".","211":"j","212":"s","213":":","214":"1","215":"8","216":"7","217":":","218":"2","219":"3","22":"o","220":")","221":"\n","222":" ","223":" ","224":" ","225":" ","226":"a","227":"t","228":" ","229":"l","23":"n","230":"i","231":"s","232":"t","233":"O","234":"n","235":"T","236":"i","237":"m","238":"e","239":"o","24":" ","240":"u","241":"t","242":" ","243":"(","244":"n","245":"o","246":"d","247":"e","248":":","249":"i","25":"`","250":"n","251":"t","252":"e","253":"r","254":"n","255":"a","256":"l","257":"/","258":"t","259":"i","26":"c","260":"m","261":"e","262":"r","263":"s","264":":","265":"5","266":"9","267":"4","268":":","269":"1","27":"a","270":"7","271":")","272":"\n","273":" ","274":" ","275":" ","276":" ","277":"a","278":"t","279":" ","28":"t","280":"p","281":"r","282":"o","283":"c","284":"e","285":"s","286":"s","287":".","288":"p","289":"r","29":"e","290":"o","291":"c","292":"e","293":"s","294":"s","295":"T","296":"i","297":"m","298":"e","299":"r","3":"g","30":"g","300":"s","301":" ","302":"(","303":"n","304":"o","305":"d","306":"e","307":":","308":"i","309":"n","31":"o","310":"t","311":"e","312":"r","313":"n","314":"a","315":"l","316":"/","317":"t","318":"i","319":"m","32":"r","320":"e","321":"r","322":"s","323":":","324":"5","325":"2","326":"9","327":":","328":"7","329":")","33":"i","34":"e","35":"s","36":".","37":"f","38":"i","39":"n","4":"o","40":"d","41":"(","42":")","43":"`","44":" ","45":"b","46":"u","47":"f","48":"f","49":"e","5":"o","50":"r","51":"i","52":"n","53":"g","54":" ","55":"t","56":"i","57":"m","58":"e","59":"d","6":"s","60":" ","61":"o","62":"u","63":"t","64":" ","65":"a","66":"f","67":"t","68":"e","69":"r","7":"e","70":" ","71":"1","72":"0","73":"0","74":"0","75":"0","76":"m","77":"s","78":"\n","79":" ","8":"E","80":" ","81":" ","82":" ","83":"a","84":"t","85":" ","86":"T","87":"i","88":"m","89":"e","9":"r","90":"o","91":"u","92":"t","93":".","94":"<","95":"a","96":"n","97":"o","98":"n","99":"y","level":"error","message":"Error in loadHome:","timestamp":"2025-09-23 23:43:05"}
{"level":"info","message":"server running","timestamp":"2025-09-24 09:41:20"}
{"0":"8","1":"5","2":"2","3":"6","4":"0","5":"6","level":"info","message":"your otp is","timestamp":"2025-09-24 09:41:56"}
{"0":"6","1":"9","2":"7","3":"6","4":"5","5":"4","level":"info","message":"your otp is","timestamp":"2025-09-24 09:44:33"}
{"0":"8","1":"9","2":"2","3":"5","4":"4","5":"3","level":"info","message":"your otp is","timestamp":"2025-09-24 09:44:53"}
{"0":"6","1":"3","2":"1","3":"9","4":"9","5":"7","level":"info","message":"your otp is","timestamp":"2025-09-24 09:45:06"}
{"level":"info","message":"server running","timestamp":"2025-09-24 09:49:25"}
{"0":"5","1":"6","2":"4","3":"5","4":"3","5":"8","level":"info","message":"your otp is","timestamp":"2025-09-24 09:50:57"}
{"level":"info","message":"server running","timestamp":"2025-09-24 09:53:34"}
{"level":"info","message":"server running","timestamp":"2025-09-24 09:53:37"}
{"level":"info","message":"server running","timestamp":"2025-09-24 09:53:50"}
{"0":"4","1":"7","2":"5","3":"5","4":"8","5":"6","level":"info","message":"your otp is","timestamp":"2025-09-24 09:56:04"}
{"level":"info","message":"server running","timestamp":"2025-09-24 10:01:43"}
{"level":"info","message":"server running","timestamp":"2025-09-24 10:03:37"}
{"level":"info","message":"server running","timestamp":"2025-09-24 10:03:40"}
{"level":"info","message":"server running","timestamp":"2025-09-24 10:03:46"}
{"level":"info","message":"server running","timestamp":"2025-09-24 10:03:49"}
{"level":"info","message":"server running","timestamp":"2025-09-24 10:04:02"}
{"level":"info","message":"server running","timestamp":"2025-09-24 10:04:07"}
{"level":"info","message":"server running","timestamp":"2025-09-24 10:04:18"}
{"0":"<","1":"2","10":"2","11":"f","12":"8","13":"7","14":"-","15":"b","16":"6","17":"d","18":"b","19":"-","2":"f","20":"d","21":"6","22":"7","23":"1","24":"-","25":"d","26":"7","27":"8","28":"7","29":"0","3":"0","30":"a","31":"c","32":"6","33":"4","34":"f","35":"b","36":"8","37":"@","38":"g","39":"m","4":"6","40":"a","41":"i","42":"l","43":".","44":"c","45":"o","46":"m","47":">","5":"5","6":"0","7":"6","8":"2","9":"-","level":"info","message":"Email sent successfully:","timestamp":"2025-09-24 10:05:20"}
{"cookie":{"expires":"2025-09-24T04:44:52.044Z","httpOnly":true,"originalMaxAge":600000,"path":"/","secure":false},"flash":{},"level":"info","message":"Session set in forgotEmailValid:","otpCreatedAt":1758688520717,"timestamp":"2025-09-24 10:05:20","userEmail":"yaseenvava76@gmail.com","userOtp":"717846"}
{"0":"y","1":"a","10":"7","11":"6","12":"@","13":"g","14":"m","15":"a","16":"i","17":"l","18":".","19":"c","2":"s","20":"o","21":"m","3":"e","4":"e","5":"n","6":"v","7":"a","8":"v","9":"a","level":"info","message":"OTP:","timestamp":"2025-09-24 10:05:20"}
{"cookie":{"expires":"2025-09-24T04:44:52.044Z","httpOnly":true,"originalMaxAge":600000,"path":"/","secure":false},"flash":{},"level":"info","message":"Session saved in forgotEmailValid:","otpCreatedAt":1758688520717,"timestamp":"2025-09-24 10:05:20","userEmail":"yaseenvava76@gmail.com","userOtp":"717846"}
{"0":"s","1":"t","2":"r","3":"i","4":"n","5":"g","level":"info","message":"Received OTP:","timestamp":"2025-09-24 10:05:48"}
{"0":"s","1":"t","2":"r","3":"i","4":"n","5":"g","level":"info","message":"Session OTP:","timestamp":"2025-09-24 10:05:48"}
{"cookie":{"expires":"2025-09-24T04:45:20.731Z","httpOnly":true,"originalMaxAge":600000,"path":"/","secure":false},"flash":{},"level":"info","message":"Session before verification:","otpCreatedAt":1758688520717,"timestamp":"2025-09-24 10:05:48","userEmail":"yaseenvava76@gmail.com","userOtp":"717846"}
{"0":"<","1":"a","10":"c","11":"3","12":"2","13":"f","14":"-","15":"6","16":"b","17":"e","18":"1","19":"-","2":"4","20":"0","21":"2","22":"6","23":"6","24":"-","25":"f","26":"c","27":"4","28":"a","29":"e","3":"4","30":"e","31":"2","32":"e","33":"1","34":"3","35":"f","36":"b","37":"@","38":"g","39":"m","4":"2","40":"a","41":"i","42":"l","43":".","44":"c","45":"o","46":"m","47":">","5":"4","6":"b","7":"a","8":"9","9":"-","level":"info","message":"Email sent successfully:","timestamp":"2025-09-24 10:06:26"}
{"0":"5","1":"7","2":"7","3":"2","4":"9","5":"1","level":"info","message":"New OTP generated in resendOtp:","timestamp":"2025-09-24 10:06:26"}
{"0":"s","1":"t","2":"r","3":"i","4":"n","5":"g","level":"info","message":"Received OTP:","timestamp":"2025-09-24 10:06:36"}
{"0":"s","1":"t","2":"r","3":"i","4":"n","5":"g","level":"info","message":"Session OTP:","timestamp":"2025-09-24 10:06:36"}
{"cookie":{"expires":"2025-09-24T04:46:26.974Z","httpOnly":true,"originalMaxAge":600000,"path":"/","secure":false},"flash":{},"level":"info","message":"Session before verification:","otpCreatedAt":1758688586973,"timestamp":"2025-09-24 10:06:36","userEmail":"yaseenvava76@gmail.com","userOtp":"577291"}
{"0":"s","1":"t","2":"r","3":"i","4":"n","5":"g","level":"info","message":"Received OTP:","timestamp":"2025-09-24 10:06:57"}
{"0":"s","1":"t","2":"r","3":"i","4":"n","5":"g","level":"info","message":"Session OTP:","timestamp":"2025-09-24 10:06:57"}
{"cookie":{"expires":"2025-09-24T04:46:36.921Z","httpOnly":true,"originalMaxAge":600000,"path":"/","secure":false},"flash":{},"level":"info","message":"Session before verification:","otpCreatedAt":1758688586973,"timestamp":"2025-09-24 10:06:57","userEmail":"yaseenvava76@gmail.com","userOtp":"577291"}
{"cookie":{"expires":"2025-09-24T04:46:36.921Z","httpOnly":true,"originalMaxAge":600000,"path":"/","secure":false},"flash":{},"level":"info","message":"Session saved in verifyForgotPassOtp:","otpVerified":true,"timestamp":"2025-09-24 10:06:57","userEmail":"yaseenvava76@gmail.com"}
{"level":"info","message":"server running","timestamp":"2025-09-24 10:17:10"}
{"level":"info","message":"server running","timestamp":"2025-09-24 10:20:14"}
{"level":"info","message":"server running","timestamp":"2025-09-24 10:20:42"}
{"level":"info","message":"server running","timestamp":"2025-09-24 10:20:58"}
{"level":"info","message":"server running","timestamp":"2025-09-24 10:27:55"}
